******************************************************************************
                  TI ARM Linker PC v18.1.4                     
******************************************************************************
>> Linked Fri Dec  4 20:26:41 2020

OUTPUT FILE NAME:   <Proyecto_final_eq_v2.out>
ENTRY POINT SYMBOL: "_c_int00"  address: 00004421


MEMORY CONFIGURATION

         name            origin    length      used     unused   attr    fill
----------------------  --------  ---------  --------  --------  ----  --------
  MAIN                  00000000   00040000  00006cb5  0003934b  R  X
  INFO                  00200000   00004000  00000000  00004000  R  X
  SRAM_CODE             01000000   00010000  00004ea2  0000b15e  RW X
  SRAM_DATA             20000000   00010000  00004ea2  0000b15e  RW  


SEGMENT ALLOCATION MAP

run origin  load origin   length   init length attrs members
----------  ----------- ---------- ----------- ----- -------
00000000    00000000    00006cc0   00006cc0    r-x
  00000000    00000000    0000003c   0000003c    r-- .resetVecs
  00000040    00000040    0000654a   0000654a    r-x .text
  0000658c    0000658c    0000052f   0000052f    r-- .const
  00006ac0    00006ac0    00000200   00000200    r-- .cinit
20000140    20000140    0000087a   00000000    rw-
  20000140    20000140    000004d0   00000000    rw- .data
  20000610    20000610    000003aa   00000000    rw- .bss
20001000    20001000    000000e8   00000000    rw-
  20001000    20001000    000000e8   00000000    rw- .vtable
200010e8    200010e8    00004000   00000000    r--
  200010e8    200010e8    00004000   00000000    r-- .priheap
2000fc00    2000fc00    00000400   00000000    rw-
  2000fc00    2000fc00    00000400   00000000    rw- .stack


SECTION ALLOCATION MAP

 output                                  attributes/
section   page    origin      length       input sections
--------  ----  ----------  ----------   ----------------
.text      0    00000040    0000654a     
                  00000040    00000a5e     rtsv7M4_T_le_v4SPD16_eabi.lib : _printfi.c.obj (.text:__TI_printfi)
                  00000a9e    00000002     system_msp432p401r.obj (.text:Power_idleFunc)
                  00000aa0    000002ac     Imprimir.obj (.text:Imprimir_Plus)
                  00000d4c    0000028a     msp432p4xx_driverlib.lib : pcm.o (.text:__PCM_setPowerStateAdvanced)
                  00000fd6    00000002     rtsv7M4_T_le_v4SPD16_eabi.lib : _lock.c.obj (.text:_nop)
                  00000fd8    00000270                                   : _printfi.c.obj (.text:_pconv_a)
                  00001248    000001d0                                   : _printfi.c.obj (.text:_pconv_g)
                  00001418    000001b6                                   : fd_add_t2.asm.obj (.text)
                  000015ce    00000002                                   : div0.asm.obj (.text)
                  000015d0    0000015c     msp432p4xx_driverlib.lib : pcm.o (.text:__PCM_setPowerModeAdvanced)
                  0000172c    0000013c     rtsv7M4_T_le_v4SPD16_eabi.lib : _printfi.c.obj (.text:_pconv_e)
                  00001868    00000138     Control_Plus.obj (.text:HVAC_ActualizarEntradas)
                  000019a0    00000136     rtsv7M4_T_le_v4SPD16_eabi.lib : fd_div_t2.asm.obj (.text)
                  00001ad6    00000002     release_pem4f.oem4f (.text:ti_sysbios_BIOS_nullFunc__I)
                  00001ad8    00000130     GPIO.obj (.text:Iniciar_GPIO)
                  00001c08    00000130     sysbios.aem4f : BIOS.obj (.text:ti_sysbios_knl_Semaphore_pend__E)
                  00001d38    00000124     rtsv7M4_T_le_v4SPD16_eabi.lib : _printfi.c.obj (.text:fcvt)
                  00001e5c    00000110                                   : s_scalbn.c.obj (.text:scalbn)
                  00001f6c    00000108     msp432p4xx_driverlib.lib : pcm.o (.text:__PCM_setCoreVoltageLevelAdvanced)
                  00002074    00000004                              : cpu.o (.text:CPU_wfi)
                  00002078    00000108     sysbios.aem4f : BIOS.obj (.text:ti_sysbios_knl_Task_postInit__I)
                  00002180    00000108                   : BIOS.obj (.text:xdc_runtime_Startup_startMods__I)
                  00002288    00000104                   : BIOS.obj (.text:ti_sysbios_knl_Task_Instance_finalize__E)
                  0000238c    000000fc     GPIO_MSP432.obj (.text:gpio_configIO)
                  00002488    000000fc     rtsv7M4_T_le_v4SPD16_eabi.lib : fd_mul_t2.asm.obj (.text)
                  00002584    00000004     release_pem4f.oem4f (.text:ti_sysbios_family_arm_m3_TaskSupport_Module__startupDone__S)
                  00002588    000000f8     sysbios.aem4f : BIOS.obj (.text:ti_sysbios_family_arm_msp432_init_Boot_configureClocksHigh)
                  00002680    000000f0                   : BIOS.obj (.text:pthread_create)
                  00002770    000000f0                   : m3_Hwi_asm.obj (.text:ti_sysbios_family_arm_m3_Hwi_dispatch__I)
                  00002860    000000e4                   : BIOS.obj (.text:ti_sysbios_knl_Task_Instance_init__E)
                  00002944    00000004     --HOLE-- [fill = 0]
                  00002948    000000d0                   : BIOS.obj (.text:ti_sysbios_heaps_HeapMem_alloc__E)
                  00002a18    000000c8     system_msp432p401r.obj (.text:SystemInit)
                  00002ae0    000000c4     sysbios.aem4f : BIOS.obj (.text:ti_sysbios_knl_Task_sleep__E)
                  00002ba4    000000bc     Control.obj (.text:Checar_entradas)
                  00002c60    000000b1     rtsv7M4_T_le_v4SPD16_eabi.lib : _printfi.c.obj (.text:_ltostr)
                  00002d11    00000007     --HOLE-- [fill = 0]
                  00002d18    000000aa     sysbios.aem4f : BIOS.obj (.text:xdc_runtime_Core_createObject__I)
                  00002dc2    00000002     --HOLE-- [fill = 0]
                  00002dc4    000000a8     Threads.obj (.text:main)
                  00002e6c    00000004     --HOLE-- [fill = 0]
                  00002e70    000000a8     sysbios.aem4f : BIOS.obj (.text:ti_sysbios_family_arm_msp432_Timer_periodicStub__E)
                  00002f18    000000a4                   : BIOS.obj (.text:ti_sysbios_knl_Task_setPri__E)
                  00002fbc    000000a0     auto_init.aem4f : auto_init.oem4f (.text)
                  0000305c    0000009c     rtsv7M4_T_le_v4SPD16_eabi.lib : memcpy_t2.asm.obj (.text)
                  000030f8    00000098     GPIO.obj (.text:Iniciar_GPIO_Plus)
                  00003190    00000096     rtsv7M4_T_le_v4SPD16_eabi.lib : ull_div_t2.asm.obj (.text)
                  00003226    00000002     --HOLE-- [fill = 0]
                  00003228    00000094     sysbios.aem4f : BIOS.obj (.text:_pthread_removeThreadKeys)
                  000032bc    00000004     --HOLE-- [fill = 0]
                  000032c0    00000094                   : BIOS.obj (.text:ti_sysbios_family_arm_m3_Hwi_initNVIC__E)
                  00003354    00000004     --HOLE-- [fill = 0]
                  00003358    00000094                   : BIOS.obj (.text:ti_sysbios_knl_Task_exit__E)
                  000033ec    00000090     GPIO_MSP432.obj (.text:gpio_outputBIT)
                  0000347c    00000004     --HOLE-- [fill = 0]
                  00003480    00000090     sysbios.aem4f : BIOS.obj (.text:ti_sysbios_knl_Task_Module_startup__E)
                  00003510    0000008c     Control_Plus.obj (.text:HVAC_ActualizarSalidas)
                  0000359c    0000008c     sysbios.aem4f : m3_TaskSupport_asm.obj (.text:ti_sysbios_family_arm_m3_TaskSupport_buildTaskStack)
                  00003628    0000008c                   : BIOS.obj (.text:xdc_runtime_Memory_alloc__E)
                  000036b4    00000086     rtsv7M4_T_le_v4SPD16_eabi.lib : fd_cmp_t2.asm.obj (.text:__aeabi_cdcmple)
                  0000373a    00000086                                   : fd_cmp_t2.asm.obj (.text:__aeabi_cdrcmple)
                  000037c0    00000086     sysbios.aem4f : BIOS.obj (.text:xdc_runtime_Core_constructObject__I)
                  00003846    00000002     --HOLE-- [fill = 0]
                  00003848    00000084     ADC_MSP432.obj (.text:ADC_Obtener_Temp)
                  000038cc    00000084     msp432p4xx_driverlib.lib : pcm.o (.text:PCM_gotoLPM3)
                  00003950    00000084     sysbios.aem4f : BIOS.obj (.text:ti_sysbios_family_arm_m3_Hwi_postInit__I)
                  000039d4    00000004     --HOLE-- [fill = 0]
                  000039d8    00000084                   : BIOS.obj (.text:ti_sysbios_heaps_HeapMem_free__E)
                  00003a5c    00000080     INT_MSP432.obj (.text:Int_enableInterrupt)
                  00003adc    00000004     --HOLE-- [fill = 0]
                  00003ae0    00000080     sysbios.aem4f : BIOS.obj (.text:ti_sysbios_knl_Clock_workFunc__E)
                  00003b60    0000007a     rtsv7M4_T_le_v4SPD16_eabi.lib : memset_t2.asm.obj (.text)
                  00003bda    00000006     --HOLE-- [fill = 0]
                  00003be0    00000070     sysbios.aem4f : BIOS.obj (.text:ti_sysbios_heaps_HeapMem_initPrimary__I)
                  00003c50    0000006e     rtsv7M4_T_le_v4SPD16_eabi.lib : _printfi.c.obj (.text:_mcpy)
                  00003cbe    00000002     --HOLE-- [fill = 0]
                  00003cc0    0000006c     sysbios.aem4f : BIOS.obj (.text:ti_sysbios_knl_Swi_restoreHwi__E)
                  00003d2c    00000068     Control_Plus.obj (.text:HVAC_Cool)
                  00003d94    00000068     rtsv7M4_T_le_v4SPD16_eabi.lib : copy_decompress_lzss.c.obj (.text:decompress:lzss:__TI_decompress_lzss)
                  00003dfc    00000068     GPIO_MSP432.obj (.text:gpio_init)
                  00003e64    00000068     UART_MSP432.obj (.text:inicializar_UART)
                  00003ecc    00000004     --HOLE-- [fill = 0]
                  00003ed0    00000066     sysbios.aem4f : BIOS.obj (.text:xdc_runtime_Core_deleteObject__I)
                  00003f36    00000002     --HOLE-- [fill = 0]
                  00003f38    00000064     rtsv7M4_T_le_v4SPD16_eabi.lib : s_frexp.c.obj (.text:frexp)
                  00003f9c    00000004     --HOLE-- [fill = 0]
                  00003fa0    00000064     sysbios.aem4f : BIOS.obj (.text:pthread_exit)
                  00004004    00000004     --HOLE-- [fill = 0]
                  00004008    00000064                   : BIOS.obj (.text:ti_sysbios_family_arm_m3_Hwi_dispatchC__I)
                  0000406c    00000004     --HOLE-- [fill = 0]
                  00004070    00000060                   : BIOS.obj (.text:ti_sysbios_knl_Semaphore_post__E)
                  000040d0    00000060                   : BIOS.obj (.text:ti_sysbios_knl_Swi_run__I)
                  00004130    00000060     release_pem4f.oem4f (.text:ti_sysbios_knl_Task_create)
                  00004190    0000005e     msp432p4xx_driverlib.lib : pcm.o (.text:PCM_getCoreVoltageLevel)
                  000041ee    00000002     --HOLE-- [fill = 0]
                  000041f0    0000005c     Control_Plus.obj (.text:HVAC_Heat)
                  0000424c    0000005c     INT_MSP432.obj (.text:Int_registerInterrupt)
                  000042a8    0000005c     sysbios.aem4f : BIOS.obj (.text:ti_sysbios_knl_Swi_schedule__I)
                  00004304    00000004     --HOLE-- [fill = 0]
                  00004308    0000005c                   : BIOS.obj (.text:ti_sysbios_knl_Task_startCore__E)
                  00004364    00000004     --HOLE-- [fill = 0]
                  00004368    0000005c                   : BIOS.obj (.text:xdc_runtime_Startup_exec__E)
                  000043c4    0000005a     msp432p4xx_driverlib.lib : pcm.o (.text:PCM_getPowerMode)
                  0000441e    00000002     --HOLE-- [fill = 0]
                  00004420    00000058     boot.aem4f : boot.oem4f (.text)
                  00004478    00000058     UART_MSP432.obj (.text:establecerBaudRate_UART)
                  000044d0    00000058     UART_MSP432.obj (.text:establecerFuenteDeReloj_UART)
                  00004528    00000058     sysbios.aem4f : m3_Hwi_asm_switch.obj (.text:ti_sysbios_family_arm_m3_Hwi_initStacks__E)
                  00004580    00000056     rtsv7M4_T_le_v4SPD16_eabi.lib : _printfi.c.obj (.text:_pconv_f)
                  000045d6    00000002     --HOLE-- [fill = 0]
                  000045d8    00000054     msp432p4xx_driverlib.lib : pcm.o (.text:PCM_shutdownDevice)
                  0000462c    00000054     rtsv7M4_T_le_v4SPD16_eabi.lib : ltoa.c.obj (.text:ltoa)
                  00004680    00000054     sysbios.aem4f : BIOS.obj (.text:ti_sysbios_family_arm_msp432_Timer_initDevice__I)
                  000046d4    00000004     --HOLE-- [fill = 0]
                  000046d8    00000054                   : BIOS.obj (.text:xdc_runtime_Core_assignLabel__I)
                  0000472c    00000052     rtsv7M4_T_le_v4SPD16_eabi.lib : _printfi.c.obj (.text:_ecpy)
                  0000477e    00000002     --HOLE-- [fill = 0]
                  00004780    00000050     sysbios.aem4f : BIOS.obj (.text:ti_sysbios_family_arm_m3_Hwi_Module_startup__E)
                  000047d0    0000004c     rtsv7M4_T_le_v4SPD16_eabi.lib : atoi.c.obj (.text:atoi)
                  0000481c    0000004c                                   : cpy_tbl.c.obj (.text:copy_in)
                  00004868    0000004c     sysbios.aem4f : BIOS.obj (.text:ti_sysbios_family_arm_msp432_Timer_postInit__I)
                  000048b4    00000004     --HOLE-- [fill = 0]
                  000048b8    0000004c                   : BIOS.obj (.text:ti_sysbios_family_arm_msp432_Timer_start__E)
                  00004904    00000004     --HOLE-- [fill = 0]
                  00004908    0000004c                   : BIOS.obj (.text:ti_sysbios_heaps_HeapMem_getStats__E)
                  00004954    00000004     --HOLE-- [fill = 0]
                  00004958    0000004c                   : BIOS.obj (.text:ti_sysbios_knl_Swi_runLoop__I)
                  000049a4    00000004     --HOLE-- [fill = 0]
                  000049a8    0000004c                   : BIOS.obj (.text:ti_sysbios_knl_Task_allBlockedFunction__I)
                  000049f4    00000004     --HOLE-- [fill = 0]
                  000049f8    0000004c                   : BIOS.obj (.text:ti_sysbios_knl_Task_schedule__I)
                  00004a44    00000048     rtsv7M4_T_le_v4SPD16_eabi.lib : fd_toi_t2.asm.obj (.text)
                  00004a8c    00000004     --HOLE-- [fill = 0]
                  00004a90    00000048     sysbios.aem4f : BIOS.obj (.text:ti_sysbios_family_arm_m3_Hwi_enableInterrupt__E)
                  00004ad8    00000048                   : BIOS.obj (.text:ti_sysbios_knl_Mailbox_Module_startup__E)
                  00004b20    00000048     TIMER32_MSP432.obj (.text:timer_config)
                  00004b68    00000048     sysbios.aem4f : BIOS.obj (.text:xdc_runtime_Core_assignParams__I)
                  00004bb0    00000044     Control.obj (.text:INT_3)
                  00004bf4    00000004     --HOLE-- [fill = 0]
                  00004bf8    00000044     sysbios.aem4f : BIOS.obj (.text:ti_sysbios_family_arm_m3_Hwi_getStackInfo__E)
                  00004c3c    00000004     --HOLE-- [fill = 0]
                  00004c40    00000044                   : BIOS.obj (.text:ti_sysbios_knl_Swi_post__E)
                  00004c84    00000040     ADC_MSP432.obj (.text:ADC_Habilita_Temp_Sensor)
                  00004cc4    00000040     rtsv7M4_T_le_v4SPD16_eabi.lib : sprintf.c.obj (.text:sprintf)
                  00004d04    00000004     --HOLE-- [fill = 0]
                  00004d08    00000040     sysbios.aem4f : BIOS.obj (.text:ti_sysbios_family_arm_msp432_Timer_Module_startup__E)
                  00004d48    00000040                   : BIOS.obj (.text:ti_sysbios_family_arm_msp432_Timer_startup__E)
                  00004d88    00000040     release_pem4f.oem4f (.text:ti_sysbios_gates_GateHwi_Object__create__S)
                  00004dc8    00000040     release_pem4f.oem4f (.text:ti_sysbios_gates_GateMutex_Object__create__S)
                  00004e08    00000040     sysbios.aem4f : BIOS.obj (.text:ti_sysbios_heaps_HeapMem_Instance_init__E)
                  00004e48    00000040     release_pem4f.oem4f (.text:ti_sysbios_heaps_HeapMem_Object__create__S)
                  00004e88    0000003e     rtsv7M4_T_le_v4SPD16_eabi.lib : _printfi.c.obj (.text:_fcpy)
                  00004ec6    00000002     --HOLE-- [fill = 0]
                  00004ec8    0000003c     ADC_MSP432.obj (.text:ADC_Inicializar)
                  00004f04    0000003c     GPIO_MSP432.obj (.text:gpio_FlancoInt)
                  00004f40    0000003c     sysbios.aem4f : BIOS.obj (.text:ti_sysbios_family_arm_msp432_Seconds_Module_startup__E)
                  00004f7c    00000004     --HOLE-- [fill = 0]
                  00004f80    0000003c                   : BIOS.obj (.text:ti_sysbios_knl_Swi_restore__E)
                  00004fbc    00000004     --HOLE-- [fill = 0]
                  00004fc0    0000003c                   : BIOS.obj (.text:usleep)
                  00004ffc    00000038     Control.obj (.text:INT_2)
                  00005034    00000038     Control_Plus.obj (.text:INT_SWI)
                  0000506c    00000038     rtsv7M4_T_le_v4SPD16_eabi.lib : fs_tod_t2.asm.obj (.text)
                  000050a4    00000038     release_pem4f.oem4f (.text:ti_sysbios_knl_Clock_doTick__I)
                  000050dc    00000004     --HOLE-- [fill = 0]
                  000050e0    00000038     sysbios.aem4f : BIOS.obj (.text:xdc_runtime_System_atexit__E)
                  00005118    00000034     UART_MSP432.obj (.text:enviarByte_UART)
                  0000514c    00000034     UART_MSP432.obj (.text:establecerParidad_UART)
                  00005180    00000034     release_pem4f.oem4f (.text:ti_sysbios_knl_Semaphore_construct)
                  000051b4    00000032     ADC.obj (.text:Iniciar_ADC)
                  000051e6    00000002     --HOLE-- [fill = 0]
                  000051e8    00000032     sysbios.aem4f : BIOS.obj (.text:ti_sysbios_hal_Hwi_initStack)
                  0000521a    00000030     UART_MSP432.obj (.text:establecerPinesTxRx_UART)
                  0000524a    00000002     --HOLE-- [fill = 0]
                  0000524c    00000030     GPIO_MSP432.obj (.text:gpio_input_state)
                  0000527c    00000030     release_pem4f.oem4f (.text:ti_sysbios_BIOS_atExitFunc__I)
                  000052ac    00000030     release_pem4f.oem4f (.text:ti_sysbios_BIOS_rtsLock__I)
                  000052dc    00000030     release_pem4f.oem4f (.text:ti_sysbios_BIOS_startFunc__I)
                  0000530c    00000030     release_pem4f.oem4f (.text:ti_sysbios_family_arm_m3_Hwi_Object__get__S)
                  0000533c    00000004     --HOLE-- [fill = 0]
                  00005340    00000030     sysbios.aem4f : BIOS.obj (.text:ti_sysbios_family_arm_m3_TaskSupport_start__E)
                  00005370    00000030                   : BIOS.obj (.text:ti_sysbios_gates_GateMutex_enter__E)
                  000053a0    00000030     release_pem4f.oem4f (.text:ti_sysbios_heaps_HeapMem_Object__get__S)
                  000053d0    00000030     sysbios.aem4f : BIOS.obj (.text:ti_sysbios_knl_Mailbox_postInit__I)
                  00005400    00000030     release_pem4f.oem4f (.text:ti_sysbios_knl_Queue_construct)
                  00005430    00000030     sysbios.aem4f : BIOS.obj (.text:ti_sysbios_knl_Semaphore_pendTimeout__I)
                  00005460    00000030     release_pem4f.oem4f (.text:ti_sysbios_knl_Swi_Object__get__S)
                  00005490    00000030     sysbios.aem4f : BIOS.obj (.text:ti_sysbios_knl_Task_processVitalTaskFlag__I)
                  000054c0    00000030                   : BIOS.obj (.text:ti_sysbios_knl_Task_restore__E)
                  000054f0    00000030                   : BIOS.obj (.text:ti_sysbios_knl_Task_unblockI__E)
                  00005520    00000030                   : BIOS.obj (.text:xdc_runtime_System_processAtExit__E)
                  00005550    0000002e     Control.obj (.text:Temperatura)
                  0000557e    0000002e     rtsv7M4_T_le_v4SPD16_eabi.lib : i_tofd_t2.asm.obj (.text)
                  000055ac    0000002c     ADC_MSP432.obj (.text:CanalesADC)
                  000055d8    0000002c     msp432p4xx_driverlib.lib : rtc_c.o (.text:RTC_C_holdClock)
                  00005604    00000004     --HOLE-- [fill = 0]
                  00005608    0000002c     sysbios.aem4f : BIOS.obj (.text:_pthread_cleanupFxn)
                  00005634    00000004     --HOLE-- [fill = 0]
                  00005638    0000002c                   : BIOS.obj (.text:_pthread_delete$43)
                  00005664    0000002c     release_pem4f.oem4f (.text:ti_sysbios_BIOS_rtsUnlock__I)
                  00005690    0000002c     release_pem4f.oem4f (.text:ti_sysbios_knl_Semaphore_Params__init__S)
                  000056bc    0000002c     release_pem4f.oem4f (.text:ti_sysbios_knl_Task_Object__get__S)
                  000056e8    0000002c     release_pem4f.oem4f (.text:ti_sysbios_knl_Task_Params__init__S)
                  00005714    0000002c     TIMER32_MSP432.obj (.text:timer_clearINT)
                  00005740    0000002c     TIMER32_MSP432.obj (.text:timer_enable)
                  0000576c    0000002c     TIMER32_MSP432.obj (.text:timer_enableINT)
                  00005798    0000002c     TIMER32_MSP432.obj (.text:timer_setValue)
                  000057c4    00000028     msp432p4xx_driverlib.lib : pcm.o (.text:PCM_gotoLPM0)
                  000057ec    00000028     sysbios.aem4f : m3_Hwi_asm.obj (.text:ti_sysbios_family_arm_m3_Hwi_excHandlerAsm__I)
                  00005814    00000028     release_pem4f.oem4f (.text:ti_sysbios_gates_GateMutex_Object__delete__S)
                  0000583c    00000004     --HOLE-- [fill = 0]
                  00005840    00000028     sysbios.aem4f : BIOS.obj (.text:ti_sysbios_knl_Clock_addI__E)
                  00005868    00000028                   : BIOS.obj (.text:ti_sysbios_knl_Swi_Module_startup__E)
                  00005890    00000028     release_pem4f.oem4f (.text:ti_sysbios_knl_Task_Object__delete__S)
                  000058b8    00000026     system_Threads.obj (.text:Control_Thread)
                  000058de    00000026     sysbios.aem4f : m3_Hwi_asm.obj (.text:ti_sysbios_family_arm_m3_Hwi_pendSV__I)
                  00005904    00000024     ADC_MSP432.obj (.text:DisparoADC)
                  00005928    00000024     Control_Plus.obj (.text:HVAC_SetPointDown)
                  0000594c    00000024     Control_Plus.obj (.text:HVAC_SetPointUp)
                  00005970    00000024     TIMER.obj (.text:Iniciar_Timer)
                  00005994    00000024     msp432p4xx_driverlib.lib : wdt_a.o (.text:WDT_A_holdTimer)
                  000059b8    00000024     sysbios.aem4f : BIOS.obj (.text:pthread_attr_init)
                  000059dc    00000024     UART_MSP432.obj (.text:putsf_UART)
                  00005a00    00000024     release_pem4f.oem4f (.text:ti_sysbios_BIOS_registerRTSLock__I)
                  00005a24    00000024     release_pem4f.oem4f (.text:ti_sysbios_gates_GateHwi_Object__delete__S)
                  00005a48    00000024     release_pem4f.oem4f (.text:ti_sysbios_heaps_HeapMem_Object__delete__S)
                  00005a6c    00000004     --HOLE-- [fill = 0]
                  00005a70    00000024     sysbios.aem4f : BIOS.obj (.text:ti_sysbios_knl_Clock_Module_startup__E)
                  00005a94    00000004     --HOLE-- [fill = 0]
                  00005a98    00000024                   : BIOS.obj (.text:ti_sysbios_knl_Semaphore_Instance_init__E)
                  00005abc    00000004     --HOLE-- [fill = 0]
                  00005ac0    00000024                   : BIOS.obj (.text:ti_sysbios_knl_Task_restoreHwi__E)
                  00005ae4    00000004     --HOLE-- [fill = 0]
                  00005ae8    00000024                   : BIOS.obj (.text:xdc_runtime_Error_policyMin__E)
                  00005b0c    00000022     system_Threads.obj (.text:Control_Plus_Thread)
                  00005b2e    00000002     --HOLE-- [fill = 0]
                  00005b30    00000020     ADC_MSP432.obj (.text:ADC_Configura_Pin)
                  00005b50    00000020     TIMER.obj (.text:Tiempo_ms)
                  00005b70    00000020     release_pem4f.oem4f (.text:ti_sysbios_BIOS_removeRTSLock__I)
                  00005b90    00000020     release_pem4f.oem4f (.text:ti_sysbios_gates_GateHwi_Handle__label__S)
                  00005bb0    00000020     release_pem4f.oem4f (.text:ti_sysbios_gates_GateMutex_Handle__label__S)
                  00005bd0    00000020     release_pem4f.oem4f (.text:ti_sysbios_heaps_HeapMem_Handle__label__S)
                  00005bf0    00000020     sysbios.aem4f : BIOS.obj (.text:ti_sysbios_knl_Idle_run__E)
                  00005c10    00000020     release_pem4f.oem4f (.text:ti_sysbios_knl_Mailbox_Object__get__S)
                  00005c30    00000020     release_pem4f.oem4f (.text:ti_sysbios_knl_Semaphore_destruct)
                  00005c50    00000020     release_pem4f.oem4f (.text:ti_sysbios_rts_ti_ReentSupport_getTlsAddr__I)
                  00005c70    00000020     release_pem4f.oem4f (.text:xdc_runtime_IHeap_alloc)
                  00005c90    0000001e     sysbios.aem4f : m3_Hwi_asm_switch.obj (.text:ti_sysbios_family_xxx_Hwi_switchAndRunFunc)
                  00005cae    0000001e     release_pem4f.oem4f (.text:ti_sysbios_knl_Task_SupportProxy_start__E)
                  00005ccc    0000001e     release_pem4f.oem4f (.text:xdc_runtime_Memory_HeapProxy_alloc__E)
                  00005cea    00000002     --HOLE-- [fill = 0]
                  00005cec    0000001c     ADC_MSP432.obj (.text:ADC_resultado)
                  00005d08    0000001c     ADC_MSP432.obj (.text:ResultadoADC)
                  00005d24    0000001c     rtsv7M4_T_le_v4SPD16_eabi.lib : memccpy.c.obj (.text:memccpy)
                  00005d40    0000001c     release_pem4f.oem4f (.text:ti_sysbios_family_arm_m3_Hwi_Module__startupDone__F)
                  00005d5c    00000004     --HOLE-- [fill = 0]
                  00005d60    0000001c     sysbios.aem4f : BIOS.obj (.text:ti_sysbios_family_arm_m3_Hwi_excHandler__I)
                  00005d7c    0000001c     release_pem4f.oem4f (.text:ti_sysbios_family_arm_msp432_Timer_Module__startupDone__F)
                  00005d98    0000001c     sysbios.aem4f : BIOS.obj (.text:ti_sysbios_gates_GateMutex_Instance_init__E)
                  00005db4    0000001c     release_pem4f.oem4f (.text:ti_sysbios_knl_Queue_Object__get__S)
                  00005dd0    0000001c     release_pem4f.oem4f (.text:ti_sysbios_knl_Queue_destruct)
                  00005dec    00000004     --HOLE-- [fill = 0]
                  00005df0    0000001c     sysbios.aem4f : BIOS.obj (.text:ti_sysbios_knl_Queue_put__E)
                  00005e0c    00000004     --HOLE-- [fill = 0]
                  00005e10    0000001c                   : BIOS.obj (.text:ti_sysbios_knl_Task_enter__I)
                  00005e2c    00000004     --HOLE-- [fill = 0]
                  00005e30    0000001c                   : BIOS.obj (.text:ti_sysbios_rts_ti_ReentSupport_getReent__F)
                  00005e4c    00000004     --HOLE-- [fill = 0]
                  00005e50    0000001c                   : BIOS.obj (.text:xdc_runtime_Memory_valloc__E)
                  00005e6c    0000001c     release_pem4f.oem4f (.text:xdc_runtime_Startup_exec__I)
                  00005e88    0000001c     sysbios.aem4f : BIOS.obj (.text:xdc_runtime_System_abort__E)
                  00005ea4    0000001a     release_pem4f.oem4f (.text:xdc_runtime_IHeap_free)
                  00005ebe    00000002     --HOLE-- [fill = 0]
                  00005ec0    00000018     release_pem4f.oem4f (.text:.bootCodeSection:ti_sysbios_family_arm_msp432_init_Boot_init__I)
                  00005ed8    00000018     ADC_MSP432.obj (.text:ADC_Activar)
                  00005ef0    00000018     ADC_MSP432.obj (.text:ADC_Modo_Conversion)
                  00005f08    00000018     Control.obj (.text:INT_1)
                  00005f20    00000018     rtsv7M4_T_le_v4SPD16_eabi.lib : args_main.c.obj (.text:_args_main)
                  00005f38    00000018                                   : sprintf.c.obj (.text:_outs)
                  00005f50    00000018     UART_MSP432.obj (.text:activarInterrupcionConBreakChars_UART)
                  00005f68    00000018     UART_MSP432.obj (.text:activarInterrupcionConCharsErroneos_UART)
                  00005f80    00000018     UART_MSP432.obj (.text:establecerBitsDeParo_UART)
                  00005f98    00000018     UART_MSP432.obj (.text:establecerDireccionTransmision_UART)
                  00005fb0    00000018     UART_MSP432.obj (.text:establecerModo_UART)
                  00005fc8    00000018     UART_MSP432.obj (.text:establecerNumeroBitsDatos_UART)
                  00005fe0    00000018     UART_MSP432.obj (.text:establecerSobremuestreo_UART)
                  00005ff8    00000018     sysbios.aem4f : m3_TaskSupport_asm.obj (.text:ti_sysbios_family_arm_m3_TaskSupport_swap__E)
                  00006010    00000018                   : BIOS.obj (.text:ti_sysbios_gates_GateMutex_leave__E)
                  00006028    00000018                   : BIOS.obj (.text:ti_sysbios_knl_Task_sleepTimeout__I)
                  00006040    00000018                   : BIOS.obj (.text:xdc_runtime_Error_init__E)
                  00006058    00000018                   : BIOS.obj (.text:xdc_runtime_System_exit__E)
                  00006070    00000016     UART_MSP432.obj (.text:deshabilitar_UART)
                  00006086    00000016     UART_MSP432.obj (.text:iniciar_UART)
                  0000609c    00000016     rtsv7M4_T_le_v4SPD16_eabi.lib : strchr.c.obj (.text:strchr)
                  000060b2    00000016     release_pem4f.oem4f (.text:ti_sysbios_BIOS_exitFunc__I)
                  000060c8    00000016     sysbios.aem4f : BIOS.obj (.text:ti_sysbios_knl_Task_unblock__E)
                  000060de    00000002     --HOLE-- [fill = 0]
                  000060e0    00000014     msp432p4xx_driverlib.lib : pcm.o (.text:PCM_getPowerState)
                  000060f4    00000014     TIMER.obj (.text:Timer32_INT1)
                  00006108    00000014     rtsv7M4_T_le_v4SPD16_eabi.lib : s_copysign.c.obj (.text:copysign)
                  0000611c    00000004     --HOLE-- [fill = 0]
                  00006120    00000014     sysbios.aem4f : BIOS.obj (.text:pthread_attr_setschedparam)
                  00006134    00000014     rtsv7M4_T_le_v4SPD16_eabi.lib : strlen.c.obj (.text:strlen)
                  00006148    00000014     sysbios.aem4f : BIOS.obj (.text:ti_sysbios_family_arm_m3_Hwi_switchFromBootStack__E)
                  0000615c    00000014     release_pem4f.oem4f (.text:ti_sysbios_hal_Hwi_HwiProxy_getStackInfo__E)
                  00006170    00000014     release_pem4f.oem4f (.text:ti_sysbios_knl_Clock_Module_State_clockQ)
                  00006184    00000014     release_pem4f.oem4f (.text:xdc_runtime_Memory_HeapProxy_free__E)
                  00006198    00000012     sysbios.aem4f : BIOS.obj (.text:_pthread_cleanup_pop)
                  000061aa    00000006     --HOLE-- [fill = 0]
                  000061b0    00000012                   : BIOS.obj (.text:_pthread_runStub$43)
                  000061c2    00000006     --HOLE-- [fill = 0]
                  000061c8    00000012                   : BIOS.obj (.text:ti_sysbios_hal_Hwi_Module_startup__E)
                  000061da    00000012     rtsv7M4_T_le_v4SPD16_eabi.lib : wcslen.c.obj (.text:wcslen)
                  000061ec    00000010     ADC_MSP432.obj (.text:ADC_Ocupado)
                  000061fc    00000010     msp432p4xx_driverlib.lib : pcm.o (.text:PCM_gotoLPM4)
                  0000620c    00000010                              : pcm.o (.text:PCM_setPowerMode)
                  0000621c    00000010                              : pcm.o (.text:PCM_setPowerState)
                  0000622c    00000010     release_pem4f.oem4f (.text:ti_sysbios_BIOS_RtsGateProxy_leave__E)
                  0000623c    00000004     --HOLE-- [fill = 0]
                  00006240    00000010     sysbios.aem4f : BIOS.obj (.text:ti_sysbios_BIOS_exit__E)
                  00006250    00000010                   : BIOS.obj (.text:ti_sysbios_BIOS_setThreadType__E)
                  00006260    00000010                   : BIOS.obj (.text:ti_sysbios_BIOS_start__E)
                  00006270    00000010                   : m3_TaskSupport_asm.obj (.text:ti_sysbios_family_arm_m3_TaskSupport_glue)
                  00006280    00000010                   : BIOS.obj (.text:ti_sysbios_family_arm_msp432_init_Boot_disableWatchdog)
                  00006290    00000010                   : BIOS.obj (.text:ti_sysbios_gates_GateMutex_Instance_finalize__E)
                  000062a0    00000010     release_pem4f.oem4f (.text:ti_sysbios_heaps_HeapMem_Module_GateProxy_leave__E)
                  000062b0    00000010     sysbios.aem4f : BIOS.obj (.text:ti_sysbios_knl_Semaphore_Instance_finalize__E)
                  000062c0    00000010                   : BIOS.obj (.text:ti_sysbios_knl_Swi_disable__E)
                  000062d0    00000010     release_pem4f.oem4f (.text:ti_sysbios_knl_Task_SupportProxy_swap__E)
                  000062e0    00000010     sysbios.aem4f : BIOS.obj (.text:ti_sysbios_knl_Task_disable__E)
                  000062f0    00000010                   : BIOS.obj (.text:xdc_runtime_Gate_leaveSystem__E)
                  00006300    00000010                   : BIOS.obj (.text:xdc_runtime_Memory_free__E)
                  00006310    00000010                   : BIOS.obj (.text:xdc_runtime_SysCallback_abort__E)
                  00006320    00000010                   : BIOS.obj (.text:xdc_runtime_SysCallback_exit__E)
                  00006330    00000010     release_pem4f.oem4f (.text:xdc_runtime_System_Module_GateProxy_leave__E)
                  00006340    0000000e     rtsv7M4_T_le_v4SPD16_eabi.lib : copy_decompress_none.c.obj (.text:decompress:none:__TI_decompress_none)
                  0000634e    00000002     --HOLE-- [fill = 0]
                  00006350    0000000e     sysbios.aem4f : BIOS.obj (.text:pthread_attr_setdetachstate)
                  0000635e    00000002     --HOLE-- [fill = 0]
                  00006360    0000000e                   : BIOS.obj (.text:ti_sysbios_knl_Idle_loop__E)
                  0000636e    00000002     --HOLE-- [fill = 0]
                  00006370    0000000e                   : BIOS.obj (.text:ti_sysbios_knl_Queue_empty__E)
                  0000637e    00000002     --HOLE-- [fill = 0]
                  00006380    0000000c     rtsv7M4_T_le_v4SPD16_eabi.lib : _lock.c.obj (.text:_register_lock)
                  0000638c    0000000c                                   : _lock.c.obj (.text:_register_unlock)
                  00006398    0000000c                                   : copy_zero_init.c.obj (.text:decompress:ZI:__TI_zero_init)
                  000063a4    00000004     --HOLE-- [fill = 0]
                  000063a8    0000000c     sysbios.aem4f : BIOS.obj (.text:pthread_self)
                  000063b4    0000000c     release_pem4f.oem4f (.text:ti_sysbios_BIOS_RtsGateProxy_enter__E)
                  000063c0    0000000c     sysbios.aem4f : BIOS.obj (.text:ti_sysbios_family_arm_m3_TaskSupport_getStackAlignment__E)
                  000063cc    00000004     --HOLE-- [fill = 0]
                  000063d0    0000000c                   : BIOS.obj (.text:ti_sysbios_family_arm_msp432_Timer_getMaxTicks__E)
                  000063dc    00000004     --HOLE-- [fill = 0]
                  000063e0    0000000c                   : BIOS.obj (.text:ti_sysbios_gates_GateHwi_enter__E)
                  000063ec    0000000c     release_pem4f.oem4f (.text:ti_sysbios_heaps_HeapMem_Module_GateProxy_enter__E)
                  000063f8    0000000c     release_pem4f.oem4f (.text:ti_sysbios_heaps_HeapMem_Module_GateProxy_query__E)
                  00006404    0000000c     release_pem4f.oem4f (.text:ti_sysbios_knl_Clock_TimerProxy_getMaxTicks__E)
                  00006410    0000000c     release_pem4f.oem4f (.text:ti_sysbios_knl_Task_delete)
                  0000641c    00000004     --HOLE-- [fill = 0]
                  00006420    0000000c     sysbios.aem4f : BIOS.obj (.text:ti_sysbios_knl_Task_self__E)
                  0000642c    00000004     --HOLE-- [fill = 0]
                  00006430    0000000c                   : BIOS.obj (.text:ti_sysbios_rts_ti_ReentSupport_taskRegHook__I)
                  0000643c    00000004     --HOLE-- [fill = 0]
                  00006440    0000000c                   : BIOS.obj (.text:xdc_runtime_Gate_enterSystem__E)
                  0000644c    00000004     --HOLE-- [fill = 0]
                  00006450    0000000c                   : BIOS.obj (.text:xdc_runtime_Startup_rtsDone__E)
                  0000645c    0000000c     release_pem4f.oem4f (.text:xdc_runtime_System_Module_GateProxy_enter__E)
                  00006468    0000000c     release_pem4f.oem4f (.text:xdc_runtime_System_SupportProxy_abort__E)
                  00006474    0000000c     release_pem4f.oem4f (.text:xdc_runtime_System_SupportProxy_exit__E)
                  00006480    0000000a     ADC.obj (.text:Iniciar_ADC_Plus)
                  0000648a    0000000a     rtsv7M4_T_le_v4SPD16_eabi.lib : sprintf.c.obj (.text:_outc)
                  00006494    00000008     UART.obj (.text:Iniciar_UART)
                  0000649c    00000004     --HOLE-- [fill = 0]
                  000064a0    00000008     sysbios.aem4f : BIOS.obj (.text:pthread_attr_setstacksize)
                  000064a8    00000008     release_pem4f.oem4f (.text:ti_sysbios_family_arm_m3_Hwi_Module__startupDone__S)
                  000064b0    00000008     sysbios.aem4f : BIOS.obj (.text:ti_sysbios_family_arm_m3_Hwi_doSwiRestore__I)
                  000064b8    00000008                   : BIOS.obj (.text:ti_sysbios_family_arm_m3_Hwi_startup__E)
                  000064c0    00000008     release_pem4f.oem4f (.text:ti_sysbios_family_arm_msp432_Timer_Module__startupDone__S)
                  000064c8    00000008     release_pem4f.oem4f (.text:ti_sysbios_hal_Hwi_HwiProxy_Module__startupDone__S)
                  000064d0    00000008     release_pem4f.oem4f (.text:ti_sysbios_hal_Hwi_HwiProxy_startup__E)
                  000064d8    00000008     release_pem4f.oem4f (.text:ti_sysbios_hal_Hwi_HwiProxy_switchFromBootStack__E)
                  000064e0    00000008     release_pem4f.oem4f (.text:ti_sysbios_knl_Clock_TimerProxy_Module__startupDone__S)
                  000064e8    00000008     release_pem4f.oem4f (.text:ti_sysbios_knl_Task_SupportProxy_Module__startupDone__S)
                  000064f0    00000008     release_pem4f.oem4f (.text:ti_sysbios_knl_Task_SupportProxy_getStackAlignment__E)
                  000064f8    00000008     release_pem4f.oem4f (.text:ti_sysbios_rts_ti_ReentSupport_getReent__E)
                  00006500    00000008     release_pem4f.oem4f (.text:xdc_runtime_Startup_reset__I)
                  00006508    00000006     sysbios.aem4f : BIOS.obj (.text:ti_sysbios_family_arm_m3_Hwi_doTaskRestore__I)
                  0000650e    00000002     --HOLE-- [fill = 0]
                  00006510    00000006                   : BIOS.obj (.text:ti_sysbios_gates_GateHwi_leave__E)
                  00006516    00000002     --HOLE-- [fill = 0]
                  00006518    00000006                   : BIOS.obj (.text:ti_sysbios_heaps_HeapMem_isBlocking__E)
                  0000651e    00000002     --HOLE-- [fill = 0]
                  00006520    00000006                   : BIOS.obj (.text:ti_sysbios_knl_Queue_Instance_init__E)
                  00006526    00000002     --HOLE-- [fill = 0]
                  00006528    00000006                   : BIOS.obj (.text:ti_sysbios_knl_Swi_startup__E)
                  0000652e    00000002     --HOLE-- [fill = 0]
                  00006530    00000006                   : BIOS.obj (.text:xdc_runtime_System_Module_startup__E)
                  00006536    00000002     --HOLE-- [fill = 0]
                  00006538    00000004                   : BIOS.obj (.text:__aeabi_errno_addr)
                  0000653c    00000004     --HOLE-- [fill = 0]
                  00006540    00000004                   : BIOS.obj (.text:ti_sysbios_gates_GateHwi_query__E)
                  00006544    00000004     --HOLE-- [fill = 0]
                  00006548    00000004                   : BIOS.obj (.text:ti_sysbios_gates_GateMutex_query__E)
                  0000654c    00000004     --HOLE-- [fill = 0]
                  00006550    00000004                   : BIOS.obj (.text:ti_sysbios_knl_Task_startup__E)
                  00006554    00000004     --HOLE-- [fill = 0]
                  00006558    00000002                   : BIOS.obj (.text:ti_sysbios_BIOS_linkedWithIncorrectBootLibrary__E)
                  0000655a    00000006     --HOLE-- [fill = 0]
                  00006560    00000002                   : BIOS.obj (.text:ti_sysbios_gates_GateHwi_Instance_init__E)
                  00006562    00000006     --HOLE-- [fill = 0]
                  00006568    00000002                   : BIOS.obj (.text:ti_sysbios_knl_Clock_logTick__E)
                  0000656a    00000006     --HOLE-- [fill = 0]
                  00006570    00000002                   : BIOS.obj (.text:xdc_runtime_SysCallback_defaultAbort)
                  00006572    00000006     --HOLE-- [fill = 0]
                  00006578    00000002                   : BIOS.obj (.text:xdc_runtime_SysCallback_defaultExit)
                  0000657a    00000006     --HOLE-- [fill = 0]
                  00006580    00000002                   : BIOS.obj (.text:xdc_runtime_System_abortSpin__E)
                  00006582    00000006     --HOLE-- [fill = 0]
                  00006588    00000002                   : BIOS.obj (.text:xdc_runtime_System_exitSpin__E)

.const     0    0000658c    0000052f     
                  0000658c    00000101     rtsv7M4_T_le_v4SPD16_eabi.lib : ctype.c.obj (.const:.string:_ctypes_)
                  0000668d    00000001     release_pem4f.oem4f (.const:xdc_runtime_Error_policy__C)
                  0000668e    00000002     release_pem4f.oem4f (.const:ti_sysbios_family_arm_msp432_init_Boot_bypassHFXT__C)
                  00006690    00000048     release_pem4f.oem4f (.const:.string)
                  000066d8    0000003c     release_pem4f.oem4f (.const:ti_sysbios_knl_Task_Object__PARAMS__C)
                  00006714    00000030     GPIO_MSP432.obj (.const:GPIO_PORT_TO_BASE)
                  00006744    00000028     release_pem4f.oem4f (.const:ti_sysbios_heaps_HeapMem_Module__FXNS__C)
                  0000676c    00000024     release_pem4f.oem4f (.const:ti_sysbios_gates_GateHwi_Module__FXNS__C)
                  00006790    00000024     release_pem4f.oem4f (.const:ti_sysbios_gates_GateMutex_Module__FXNS__C)
                  000067b4    00000024     release_pem4f.oem4f (.const:ti_sysbios_heaps_HeapMem_Object__PARAMS__C)
                  000067d8    00000024     release_pem4f.oem4f (.const:ti_sysbios_knl_Semaphore_Object__PARAMS__C)
                  000067fc    00000024     release_pem4f.oem4f (.const:xdc_runtime_Startup_sfxnTab__A)
                  00006820    00000020     release_pem4f.oem4f (.const:ti_sysbios_gates_GateHwi_Object__DESC__C)
                  00006840    00000020     release_pem4f.oem4f (.const:ti_sysbios_gates_GateMutex_Object__DESC__C)
                  00006860    00000020     release_pem4f.oem4f (.const:ti_sysbios_heaps_HeapMem_Object__DESC__C)
                  00006880    00000020     release_pem4f.oem4f (.const:ti_sysbios_knl_Queue_Object__DESC__C)
                  000068a0    00000020     release_pem4f.oem4f (.const:ti_sysbios_knl_Semaphore_Object__DESC__C)
                  000068c0    00000020     release_pem4f.oem4f (.const:ti_sysbios_knl_Task_Object__DESC__C)
                  000068e0    0000001e     Control_Plus.obj (.const:.string)
                  000068fe    00000002     release_pem4f.oem4f (.const:ti_sysbios_family_arm_msp432_init_Boot_bypassLFXT__C)
                  00006900    00000018     release_pem4f.oem4f (.const:ti_sysbios_gates_GateHwi_Object__PARAMS__C)
                  00006918    00000018     release_pem4f.oem4f (.const:ti_sysbios_gates_GateMutex_Object__PARAMS__C)
                  00006930    00000018     release_pem4f.oem4f (.const:ti_sysbios_knl_Queue_Object__PARAMS__C)
                  00006948    00000018     release_pem4f.oem4f (.const:ti_sysbios_knl_Task_hooks__A)
                  00006960    00000012     release_pem4f.oem4f (.const:xdc_runtime_Startup_sfxnRts__A)
                  00006972    00000002     release_pem4f.oem4f (.const:ti_sysbios_family_arm_msp432_init_Boot_enableHFXT__C)
                  00006974    0000000c     UART_MSP432.obj (.const:BRFX)
                  00006980    0000000c     UART_MSP432.obj (.const:BRS)
                  0000698c    0000000c     UART_MSP432.obj (.const:BRX)
                  00006998    0000000c     release_pem4f.oem4f (.const:xdc_runtime_Startup_firstFxns__A)
                  000069a4    00000008     INT_MSP432.obj (.const:g_pulEnRegs)
                  000069ac    00000008     release_pem4f.oem4f (.const:ti_sysbios_knl_Idle_funcList__A)
                  000069b4    00000008     release_pem4f.oem4f (.const:ti_sysbios_knl_Idle_funcList__C)
                  000069bc    00000008     release_pem4f.oem4f (.const:ti_sysbios_knl_Task_hooks__C)
                  000069c4    00000008     release_pem4f.oem4f (.const:xdc_runtime_Startup_firstFxns__C)
                  000069cc    00000008     release_pem4f.oem4f (.const:xdc_runtime_Startup_lastFxns__C)
                  000069d4    00000004     release_pem4f.oem4f (.const:ti_sysbios_family_arm_m3_Hwi_NUM_INTERRUPTS__C)
                  000069d8    00000004     release_pem4f.oem4f (.const:ti_sysbios_family_arm_m3_Hwi_Object__count__C)
                  000069dc    00000004     release_pem4f.oem4f (.const:ti_sysbios_family_arm_m3_Hwi_Object__table__C)
                  000069e0    00000004     release_pem4f.oem4f (.const:ti_sysbios_family_arm_m3_Hwi_ccr__C)
                  000069e4    00000004     release_pem4f.oem4f (.const:ti_sysbios_family_arm_m3_Hwi_excHandlerFunc__C)
                  000069e8    00000004     release_pem4f.oem4f (.const:ti_sysbios_family_arm_m3_Hwi_nullIsrFunc__C)
                  000069ec    00000004     release_pem4f.oem4f (.const:ti_sysbios_family_arm_m3_Hwi_priGroup__C)
                  000069f0    00000004     release_pem4f.oem4f (.const:ti_sysbios_family_arm_m3_TaskSupport_stackAlignment__C)
                  000069f4    00000004     release_pem4f.oem4f (.const:ti_sysbios_family_arm_msp432_Timer_numTimerDevices__C)
                  000069f8    00000004     release_pem4f.oem4f (.const:ti_sysbios_family_arm_msp432_Timer_startupNeeded__C)
                  000069fc    00000004     release_pem4f.oem4f (.const:ti_sysbios_gates_GateMutex_Instance_State_sem__O)
                  00006a00    00000004     release_pem4f.oem4f (.const:ti_sysbios_heaps_HeapMem_E_memory__C)
                  00006a04    00000004     release_pem4f.oem4f (.const:ti_sysbios_heaps_HeapMem_Module__gateObj__C)
                  00006a08    00000004     release_pem4f.oem4f (.const:ti_sysbios_heaps_HeapMem_Object__count__C)
                  00006a0c    00000004     release_pem4f.oem4f (.const:ti_sysbios_heaps_HeapMem_Object__table__C)
                  00006a10    00000004     release_pem4f.oem4f (.const:ti_sysbios_heaps_HeapMem_primaryHeapBaseAddr__C)
                  00006a14    00000004     release_pem4f.oem4f (.const:ti_sysbios_heaps_HeapMem_primaryHeapEndAddr__C)
                  00006a18    00000004     release_pem4f.oem4f (.const:ti_sysbios_heaps_HeapMem_reqAlign__C)
                  00006a1c    00000004     release_pem4f.oem4f (.const:ti_sysbios_knl_Clock_Module_State_clockQ__O)
                  00006a20    00000004     release_pem4f.oem4f (.const:ti_sysbios_knl_Clock_tickPeriod__C)
                  00006a24    00000004     release_pem4f.oem4f (.const:ti_sysbios_knl_Mailbox_Instance_State_freeQue__O)
                  00006a28    00000004     release_pem4f.oem4f (.const:ti_sysbios_knl_Mailbox_Object__count__C)
                  00006a2c    00000004     release_pem4f.oem4f (.const:ti_sysbios_knl_Mailbox_maxTypeAlign__C)
                  00006a30    00000004     release_pem4f.oem4f (.const:ti_sysbios_knl_Semaphore_Instance_State_pendQ__O)
                  00006a34    00000004     release_pem4f.oem4f (.const:ti_sysbios_knl_Swi_Object__count__C)
                  00006a38    00000004     release_pem4f.oem4f (.const:ti_sysbios_knl_Swi_Object__table__C)
                  00006a3c    00000004     release_pem4f.oem4f (.const:ti_sysbios_knl_Task_Module_State_inactiveQ__O)
                  00006a40    00000004     release_pem4f.oem4f (.const:ti_sysbios_knl_Task_Object__count__C)
                  00006a44    00000004     release_pem4f.oem4f (.const:ti_sysbios_knl_Task_Object__heap__C)
                  00006a48    00000004     release_pem4f.oem4f (.const:ti_sysbios_knl_Task_Object__table__C)
                  00006a4c    00000004     release_pem4f.oem4f (.const:ti_sysbios_knl_Task_allBlockedFunc__C)
                  00006a50    00000004     release_pem4f.oem4f (.const:ti_sysbios_knl_Task_defaultStackHeap__C)
                  00006a54    00000004     release_pem4f.oem4f (.const:ti_sysbios_knl_Task_defaultStackSize__C)
                  00006a58    00000004     release_pem4f.oem4f (.const:ti_sysbios_knl_Task_numConstructedTasks__C)
                  00006a5c    00000004     release_pem4f.oem4f (.const:xdc_runtime_Error_E_memory__C)
                  00006a60    00000004     release_pem4f.oem4f (.const:xdc_runtime_Error_policyFxn__C)
                  00006a64    00000004     release_pem4f.oem4f (.const:xdc_runtime_IGateProvider_Interface__BASE__C)
                  00006a68    00000004     release_pem4f.oem4f (.const:xdc_runtime_IHeap_Interface__BASE__C)
                  00006a6c    00000004     release_pem4f.oem4f (.const:xdc_runtime_IModule_Interface__BASE__C)
                  00006a70    00000004     release_pem4f.oem4f (.const:xdc_runtime_Memory_defaultHeapInstance__C)
                  00006a74    00000004     release_pem4f.oem4f (.const:xdc_runtime_Startup_execImpl__C)
                  00006a78    00000004     release_pem4f.oem4f (.const:xdc_runtime_Startup_maxPasses__C)
                  00006a7c    00000004     release_pem4f.oem4f (.const:xdc_runtime_Startup_sfxnRts__C)
                  00006a80    00000004     release_pem4f.oem4f (.const:xdc_runtime_Startup_sfxnTab__C)
                  00006a84    00000004     release_pem4f.oem4f (.const:xdc_runtime_Startup_startModsFxn__C)
                  00006a88    00000004     release_pem4f.oem4f (.const:xdc_runtime_SysCallback_abortFxn__C)
                  00006a8c    00000004     release_pem4f.oem4f (.const:xdc_runtime_SysCallback_exitFxn__C)
                  00006a90    00000004     release_pem4f.oem4f (.const:xdc_runtime_System_Module__gateObj__C)
                  00006a94    00000004     release_pem4f.oem4f (.const:xdc_runtime_System_abortFxn__C)
                  00006a98    00000004     release_pem4f.oem4f (.const:xdc_runtime_System_exitFxn__C)
                  00006a9c    00000004     release_pem4f.oem4f (.const:xdc_runtime_System_maxAtexitHandlers__C)
                  00006aa0    00000004     release_pem4f.oem4f (.const:xdc_runtime_Text_charTab__C)
                  00006aa4    00000004     release_pem4f.oem4f (.const:xdc_runtime_Text_nameEmpty__C)
                  00006aa8    00000004     release_pem4f.oem4f (.const:xdc_runtime_Text_nameStatic__C)
                  00006aac    00000004     release_pem4f.oem4f (.const:xdc_runtime_Text_nameUnknown__C)
                  00006ab0    00000002     release_pem4f.oem4f (.const:ti_sysbios_family_arm_msp432_init_Boot_enableLFXT__C)
                  00006ab2    00000002     release_pem4f.oem4f (.const:ti_sysbios_heaps_HeapMem_Module__id__C)
                  00006ab4    00000002     release_pem4f.oem4f (.const:xdc_runtime_Memory_Module__id__C)
                  00006ab6    00000002     release_pem4f.oem4f (.const:xdc_runtime_Text_charCnt__C)
                  00006ab8    00000002     release_pem4f.oem4f (.const:xdc_runtime_Text_isLoaded__C)
                  00006aba    00000001     release_pem4f.oem4f (.const:xdc_runtime_Text_charTab__A)

.cinit     0    00006ac0    00000200     
                  00006ac0    000001c7     (.cinit..data.load) [load image, compression = lzss]
                  00006c87    00000001     --HOLE-- [fill = 0]
                  00006c88    0000000c     (__TI_handler_table)
                  00006c94    00000004     --HOLE-- [fill = 0]
                  00006c98    00000008     (.cinit..bss.load) [load image, compression = zero_init]
                  00006ca0    00000008     (.cinit..vtable.load) [load image, compression = zero_init]
                  00006ca8    00000018     (__TI_cinit_table)

.init_array 
*          0    00000000    00000000     UNINITIALIZED

.data      0    20000140    000004d0     UNINITIALIZED
                  20000140    00000088     sysbios.aem4f : BIOS.obj (.data:$O1$$)
                  200001c8    00000080     release_pem4f.oem4f (.data:ti_sysbios_knl_Swi_Module_State_0_readyQ__A)
                  20000248    00000080     release_pem4f.oem4f (.data:ti_sysbios_knl_Task_Module_State_0_readyQ__A)
                  200002c8    00000054     release_pem4f.oem4f (.data:ti_sysbios_gates_GateMutex_Object__table__V)
                  2000031c    0000004c     release_pem4f.oem4f (.data:ti_sysbios_knl_Task_Object__table__V)
                  20000368    00000044     release_pem4f.oem4f (.data:ti_sysbios_family_arm_msp432_Timer_Object__table__V)
                  200003ac    00000044     release_pem4f.oem4f (.data:ti_sysbios_knl_Task_Module__state__V)
                  200003f0    00000034     release_pem4f.oem4f (.data:ti_sysbios_family_arm_m3_Hwi_Module__state__V)
                  20000424    00000030     release_pem4f.oem4f (.data:ti_sysbios_knl_Swi_Object__table__V)
                  20000454    0000002c     release_pem4f.oem4f (.data:ti_sysbios_knl_Clock_Module__state__V)
                  20000480    00000024     release_pem4f.oem4f (.data:ti_sysbios_BIOS_Module__state__V)
                  200004a4    00000020     Control.obj (.data)
                  200004c4    00000020     release_pem4f.oem4f (.data:ti_sysbios_family_arm_msp432_Timer_Module_State_0_device__A)
                  200004e4    00000020     release_pem4f.oem4f (.data:xdc_runtime_Error_IgnoreBlock)
                  20000504    0000001c     release_pem4f.oem4f (.data:ti_sysbios_knl_Swi_Module__state__V)
                  20000520    00000018     release_pem4f.oem4f (.data:ti_sysbios_family_arm_m3_Hwi_Object__table__V)
                  20000538    00000018     release_pem4f.oem4f (.data:ti_sysbios_heaps_HeapMem_Object__table__V)
                  20000550    00000010     Control_Plus.obj (.data:SysSTR)
                  20000560    00000010     release_pem4f.oem4f (.data:ti_sysbios_family_arm_msp432_Timer_Module_State_0_handles__A)
                  20000570    0000000c     release_pem4f.oem4f (.data:ti_sysbios_family_arm_msp432_Timer_Module__state__V)
                  2000057c    0000000b     Control_Plus.obj (.data)
                  20000587    0000000a     Control.obj (.data:jesus)
                  20000591    0000000a     Control.obj (.data:juan)
                  2000059b    00000001     --HOLE--
                  2000059c    00000008     rtsv7M4_T_le_v4SPD16_eabi.lib : _lock.c.obj (.data:$O1$$)
                  200005a4    00000008     release_pem4f.oem4f (.data:ti_sysbios_gates_GateHwi_Module__root__V)
                  200005ac    00000008     release_pem4f.oem4f (.data:ti_sysbios_gates_GateMutex_Module__root__V)
                  200005b4    00000008     release_pem4f.oem4f (.data:ti_sysbios_heaps_HeapMem_Module__root__V)
                  200005bc    00000008     release_pem4f.oem4f (.data:ti_sysbios_knl_Queue_Module__root__V)
                  200005c4    00000008     release_pem4f.oem4f (.data:ti_sysbios_knl_Semaphore_Module__root__V)
                  200005cc    00000008     release_pem4f.oem4f (.data:ti_sysbios_knl_Task_Module__root__V)
                  200005d4    00000008     release_pem4f.oem4f (.data:xdc_runtime_Startup_Module__state__V)
                  200005dc    00000008     release_pem4f.oem4f (.data:xdc_runtime_System_Module_State_0_atexitHandlers__A)
                  200005e4    00000008     release_pem4f.oem4f (.data:xdc_runtime_System_Module__state__V)
                  200005ec    00000005     Control_Plus.obj (.data:ultimos_estados$1)
                  200005f1    00000001     --HOLE--
                  200005f2    00000002     release_pem4f.oem4f (.data:ti_sysbios_family_arm_m3_Hwi_Module_State_0_excActive__A)
                  200005f4    00000004     rtsv7M4_T_le_v4SPD16_eabi.lib : stkdepth_vars.c.obj (.data)
                  200005f8    00000004     release_pem4f.oem4f (.data:ti_sysbios_family_arm_m3_Hwi_Module_State_0_excContext__A)
                  200005fc    00000004     release_pem4f.oem4f (.data:ti_sysbios_family_arm_m3_Hwi_Module_State_0_excStack__A)
                  20000600    00000004     release_pem4f.oem4f (.data:ti_sysbios_gates_GateHwi_Object__table__V)
                  20000604    00000004     release_pem4f.oem4f (.data:ti_sysbios_knl_Task_Module_State_0_idleTask__A)
                  20000608    00000004     release_pem4f.oem4f (.data:ti_sysbios_rts_ti_ReentSupport_Module__state__V)
                  2000060c    00000004     release_pem4f.oem4f (.data:xdc_runtime_Memory_Module__state__V)

.bss       0    20000610    000003aa     UNINITIALIZED
                  20000610    00000200     release_pem4f.oem4f (.bss:taskStackSection)
                  20000810    00000140     (.common:ti_sysbios_family_arm_m3_Hwi_dispatchTable)
                  20000950    00000040     (.common:state)
                  20000990    0000000c     (.common:lara)
                  2000099c    0000000c     (.common:robles)
                  200009a8    00000004     (.common:control_plus_thread)
                  200009ac    00000004     (.common:control_thread)
                  200009b0    00000004     (.common:temperatura)
                  200009b4    00000004     (.common:ti_sysbios_knl_Task_Instance_State_0_hookEnv__A)
                  200009b8    00000002     (.common:EstadoEntradas)

.vtable    0    20001000    000000e8     UNINITIALIZED
                  20001000    000000e8     INT_MSP432.obj (.vtable)

.priheap   0    200010e8    00004000     UNINITIALIZED
                  200010e8    00004000     --HOLE--

.stack     0    2000fc00    00000400     UNINITIALIZED
                  2000fc00    00000400     --HOLE--

.bootVecs 
*          0    00000000    00000008     DSECT
                  00000000    00000008     boot.aem4f : boot.oem4f (.bootVecs)

.resetVecs 
*          0    00000000    0000003c     
                  00000000    0000003c     release_pem4f.oem4f (.resetVecs)

.vecs      0    20000000    00000140     NOLOAD SECTION
                  20000000    00000140     release_pem4f.oem4f (.vecs)

xdc.meta   0    00000000    000000e8     COPY SECTION
                  00000000    000000e8     release_pem4f.oem4f (xdc.meta)

xdc.noload 
*          0    00000000    00000000     COPY SECTION

.binit     0    00000000    00000000     

MODULE SUMMARY

       Module                       code    ro data   rw data
       ------                       ----    -------   -------
    .\
       Threads.obj                  168     0         20     
       system_Threads.obj           72      0         0      
    +--+----------------------------+-------+---------+---------+
       Total:                       240     0         20     
                                                             
    .\Drivers\
       UART_MSP432.obj              680     36        0      
       INT_MSP432.obj               220     8         464    
       GPIO_MSP432.obj              608     48        0      
       ADC_MSP432.obj               488     0         0      
       TIMER32_MSP432.obj           248     0         0      
    +--+----------------------------+-------+---------+---------+
       Total:                       2244    92        464    
                                                             
    .\HAL componentes\
       GPIO.obj                     456     0         0      
       TIMER.obj                    88      0         0      
       ADC.obj                      60      0         0      
       UART.obj                     8       0         0      
    +--+----------------------------+-------+---------+---------+
       Total:                       612     0         0      
                                                             
    .\HAL procesos\
       Control_Plus.obj             776     30        192    
       Imprimir.obj                 684     0         0      
       Control.obj                  382     0         160    
    +--+----------------------------+-------+---------+---------+
       Total:                       1842    30        352    
                                                             
    .\aux_files\
       system_msp432p401r.obj       202     0         0      
    +--+----------------------------+-------+---------+---------+
       Total:                       202     0         0      
                                                             
    C:\Users\jcarl\workspace_v8\Proyecto_final_eq_v2\Debug\configPkg\package\cfg\
       release_pem4f.oem4f          1930    1008      4308   
    +--+----------------------------+-------+---------+---------+
       Total:                       1930    1008      4308   
                                                             
    C:/ti/simplelink_msp432p4_sdk_3_40_01_02/source/ti/devices/msp432p4xx/driverlib/ccs/msp432p4xx_driverlib.lib
       pcm.o                        1770    0         0      
       rtc_c.o                      44      0         0      
       wdt_a.o                      36      0         0      
       cpu.o                        4       0         0      
    +--+----------------------------+-------+---------+---------+
       Total:                       1854    0         0      
                                                             
    C:\Users\jcarl\workspace_v8\Proyecto_final_eq_v2\tirtos_builds_MSP_EXP432P401R_release_ccs\src\sysbios\sysbios.aem4f
       BIOS.obj                     8084    0         272    
       m3_Hwi_asm.obj               318     0         0      
       m3_TaskSupport_asm.obj       180     0         0      
       m3_Hwi_asm_switch.obj        118     0         0      
    +--+----------------------------+-------+---------+---------+
       Total:                       8700    0         272    
                                                             
    C:\ti\simplelink_msp432p4_sdk_3_40_01_02\kernel\tirtos\packages\ti\targets\arm\rtsarm\lib\auto_init.aem4f
       auto_init.oem4f              160     0         0      
    +--+----------------------------+-------+---------+---------+
       Total:                       160     0         0      
                                                             
    C:\ti\simplelink_msp432p4_sdk_3_40_01_02\kernel\tirtos\packages\ti\targets\arm\rtsarm\lib\boot.aem4f
       boot.oem4f                   88      0         0      
    +--+----------------------------+-------+---------+---------+
       Total:                       88      0         0      
                                                             
    C:\ti_v8_3_0\ccsv8\tools\compiler\ti-cgt-arm_18.1.4.LTS\lib\rtsv7M4_T_le_v4SPD16_eabi.lib
       _printfi.c.obj               4867    0         0      
       fd_add_t2.asm.obj            438     0         0      
       fd_div_t2.asm.obj            310     0         0      
       s_scalbn.c.obj               272     0         0      
       fd_cmp_t2.asm.obj            268     0         0      
       ctype.c.obj                  0       257       0      
       fd_mul_t2.asm.obj            252     0         0      
       memcpy_t2.asm.obj            156     0         0      
       ull_div_t2.asm.obj           150     0         0      
       memset_t2.asm.obj            122     0         0      
       copy_decompress_lzss.c.obj   104     0         0      
       s_frexp.c.obj                100     0         0      
       sprintf.c.obj                98      0         0      
       ltoa.c.obj                   84      0         0      
       atoi.c.obj                   76      0         0      
       cpy_tbl.c.obj                76      0         0      
       fd_toi_t2.asm.obj            72      0         0      
       fs_tod_t2.asm.obj            56      0         0      
       i_tofd_t2.asm.obj            46      0         0      
       _lock.c.obj                  26      0         16     
       memccpy.c.obj                28      0         0      
       args_main.c.obj              24      0         0      
       strchr.c.obj                 22      0         0      
       s_copysign.c.obj             20      0         0      
       strlen.c.obj                 20      0         0      
       wcslen.c.obj                 18      0         0      
       copy_decompress_none.c.obj   14      0         0      
       copy_zero_init.c.obj         12      0         0      
       stkdepth_vars.c.obj          0       0         8      
       div0.asm.obj                 2       0         0      
    +--+----------------------------+-------+---------+---------+
       Total:                       7733    257       24     
                                                             
       Stack:                       0       0         2048   
       Linker Generated:            0       507       0      
    +--+----------------------------+-------+---------+---------+
       Grand Total:                 25605   1894      7488   


LINKER GENERATED COPY TABLES

__TI_cinit_table @ 00006ca8 records: 3, size/record: 8, table size: 24
	.data: load addr=00006ac0, load size=000001c7 bytes, run addr=20000140, run size=000004d0 bytes, compression=lzss
	.bss: load addr=00006c98, load size=00000008 bytes, run addr=20000610, run size=000003aa bytes, compression=zero_init
	.vtable: load addr=00006ca0, load size=00000008 bytes, run addr=20001000, run size=000000e8 bytes, compression=zero_init


LINKER GENERATED HANDLER TABLE

__TI_handler_table @ 00006c88 records: 3, size/record: 4, table size: 12
	index: 0, handler: __TI_zero_init
	index: 1, handler: __TI_decompress_lzss
	index: 2, handler: __TI_decompress_none


GLOBAL SYMBOLS: SORTED ALPHABETICALLY BY Name 

address   name                                                            
-------   ----                                                            
00005ed9  ADC_Activar                                                     
00005b31  ADC_Configura_Pin                                               
00004c85  ADC_Habilita_Temp_Sensor                                        
00004ec9  ADC_Inicializar                                                 
00005ef1  ADC_Modo_Conversion                                             
00003849  ADC_Obtener_Temp                                                
000061ed  ADC_Ocupado                                                     
00005ced  ADC_resultado                                                   
00006974  BRFX                                                            
00006980  BRS                                                             
0000698c  BRX                                                             
00002075  CPU_wfi                                                         
000055ad  CanalesADC                                                      
00002ba5  Checar_entradas                                                 
00005b0d  Control_Plus_Thread                                             
000058b9  Control_Thread                                                  
00005905  DisparoADC                                                      
200004a4  E1                                                              
200009b8  EstadoEntradas                                                  
20000586  FAN_LED_State                                                   
00004000  HEAPSIZE                                                        
00001869  HVAC_ActualizarEntradas                                         
00003511  HVAC_ActualizarSalidas                                          
00003d2d  HVAC_Cool                                                       
000041f1  HVAC_Heat                                                       
00005929  HVAC_SetPointDown                                               
0000594d  HVAC_SetPointUp                                                 
00005f09  INT_1                                                           
00004ffd  INT_2                                                           
00004bb1  INT_3                                                           
00005035  INT_SWI                                                         
00000aa1  Imprimir_Plus                                                   
000051b5  Iniciar_ADC                                                     
00006481  Iniciar_ADC_Plus                                                
00001ad9  Iniciar_GPIO                                                    
000030f9  Iniciar_GPIO_Plus                                               
00005971  Iniciar_Timer                                                   
00006495  Iniciar_UART                                                    
00003a5d  Int_enableInterrupt                                             
0000424d  Int_registerInterrupt                                           
00004191  PCM_getCoreVoltageLevel                                         
000043c5  PCM_getPowerMode                                                
000060e1  PCM_getPowerState                                               
000057c5  PCM_gotoLPM0                                                    
000038cd  PCM_gotoLPM3                                                    
000061fd  PCM_gotoLPM4                                                    
0000620d  PCM_setPowerMode                                                
0000621d  PCM_setPowerState                                               
000045d9  PCM_shutdownDevice                                              
00000a9f  Power_idleFunc                                                  
000055d9  RTC_C_holdClock                                                 
00005d09  ResultadoADC                                                    
200004a8  S1                                                              
UNDEFED   SHT$$INIT_ARRAY$$Base                                           
UNDEFED   SHT$$INIT_ARRAY$$Limit                                          
20000580  SetPoint                                                        
20000550  SysSTR                                                          
00002a19  SystemInit                                                      
00005551  Temperatura                                                     
2000057c  TemperaturaActual                                               
00005b51  Tiempo_ms                                                       
000060f5  Timer32_INT1                                                    
4000480c  WDTCTL_SYM                                                      
00005995  WDT_A_holdTimer                                                 
00000000  __ASM__                                                         
00000069  __ISA__                                                         
0000007c  __PLAT__                                                        
20010000  __STACK_END                                                     
00000400  __STACK_SIZE                                                    
0000009f  __TARG__                                                        
00006ca8  __TI_CINIT_Base                                                 
00006cc0  __TI_CINIT_Limit                                                
00006c88  __TI_Handler_Table_Base                                         
00006c94  __TI_Handler_Table_Limit                                        
00002fbd  __TI_auto_init                                                  
00003d95  __TI_decompress_lzss                                            
00006341  __TI_decompress_none                                            
ffffffff  __TI_pprof_out_hndl                                             
00000041  __TI_printfi                                                    
ffffffff  __TI_prof_data_size                                             
ffffffff  __TI_prof_data_start                                            
00006ac0  __TI_static_base__                                              
00006399  __TI_zero_init                                                  
000000c5  __TRDR__                                                        
000036b5  __aeabi_cdcmpeq                                                 
000036b5  __aeabi_cdcmple                                                 
0000373b  __aeabi_cdrcmple                                                
00004a45  __aeabi_d2iz                                                    
00001423  __aeabi_dadd                                                    
000019a1  __aeabi_ddiv                                                    
00002489  __aeabi_dmul                                                    
00001419  __aeabi_dsub                                                    
00006539  __aeabi_errno_addr                                              
0000506d  __aeabi_f2d                                                     
0000557f  __aeabi_i2d                                                     
000015cf  __aeabi_idiv0                                                   
000015cf  __aeabi_ldiv0                                                   
00003b61  __aeabi_memclr                                                  
00003b61  __aeabi_memclr4                                                 
00003b61  __aeabi_memclr8                                                 
0000305d  __aeabi_memcpy                                                  
0000305d  __aeabi_memcpy4                                                 
0000305d  __aeabi_memcpy8                                                 
00003b63  __aeabi_memset                                                  
00003b63  __aeabi_memset4                                                 
00003b63  __aeabi_memset8                                                 
00003191  __aeabi_uldivmod                                                
ffffffff  __binit__                                                       
ffffffff  __c_args__                                                      
200050e8  __primary_heap_end__                                            
200010e8  __primary_heap_start__                                          
2000fc00  __stack                                                         
00005f21  _args_main                                                      
00004421  _c_int00                                                        
0000658c  _ctypes_                                                        
2000059c  _lock                                                           
00000fd7  _nop                                                            
00005609  _pthread_cleanupFxn                                             
00006199  _pthread_cleanup_pop                                            
00003229  _pthread_removeThreadKeys                                       
00006381  _register_lock                                                  
0000638d  _register_unlock                                                
200005a0  _unlock                                                         
00005f51  activarInterrupcionConBreakChars_UART                           
00005f69  activarInterrupcionConCharsErroneos_UART                        
000047d1  atoi                                                            
ffffffff  binit                                                           
200009a8  control_plus_thread                                             
200009ac  control_thread                                                  
0000481d  copy_in                                                         
00006109  copysign                                                        
00006109  copysignl                                                       
00006071  deshabilitar_UART                                               
200004ac  door                                                            
00005119  enviarByte_UART                                                 
00004479  establecerBaudRate_UART                                         
00005f81  establecerBitsDeParo_UART                                       
00005f99  establecerDireccionTransmision_UART                             
000044d1  establecerFuenteDeReloj_UART                                    
00005fb1  establecerModo_UART                                             
00005fc9  establecerNumeroBitsDatos_UART                                  
0000514d  establecerParidad_UART                                          
0000521b  establecerPinesTxRx_UART                                        
00005fe1  establecerSobremuestreo_UART                                    
20000585  event                                                           
00003f39  frexp                                                           
00003f39  frexpl                                                          
20001000  g_pfnRAMVectoring                                               
00004f05  gpio_FlancoInt                                                  
0000238d  gpio_configIO                                                   
00003dfd  gpio_init                                                       
0000524d  gpio_input_state                                                
000033ed  gpio_outputBIT                                                  
00003e65  inicializar_UART                                                
00006087  iniciar_UART                                                    
200004c0  iteracion_imp                                                   
20000587  jesus                                                           
20000591  juan                                                            
20000990  lara                                                            
00001e5d  ldexp                                                           
00001e5d  ldexpl                                                          
0000462d  ltoa                                                            
00002dc5  main                                                            
200005f4  main_func_sp                                                    
00005d25  memccpy                                                         
0000305d  memcpy                                                          
00003b69  memset                                                          
[...]
000060f5  Timer32_INT1                                                    
00006109  copysign                                                        
00006109  copysignl                                                       
00006121  pthread_attr_setschedparam                                      
00006135  strlen                                                          
00006149  ti_sysbios_family_arm_m3_Hwi_switchFromBootStack__E             
0000615d  ti_sysbios_hal_Hwi_HwiProxy_getStackInfo__E                     
0000615d  ti_sysbios_hal_Hwi_getStackInfo__E                              
00006185  xdc_runtime_Memory_HeapProxy_free__E                            
00006199  _pthread_cleanup_pop                                            
000061c9  ti_sysbios_hal_Hwi_Module_startup__E                            
000061db  wcslen                                                          
000061ed  ADC_Ocupado                                                     
000061fd  PCM_gotoLPM4                                                    
0000620d  PCM_setPowerMode                                                
0000621d  PCM_setPowerState                                               
0000622d  ti_sysbios_BIOS_RtsGateProxy_leave__E                           
00006241  ti_sysbios_BIOS_exit__E                                         
00006251  ti_sysbios_BIOS_setThreadType__E                                
00006261  ti_sysbios_BIOS_start__E                                        
00006271  ti_sysbios_family_arm_m3_TaskSupport_glue                       
00006281  ti_sysbios_family_arm_msp432_init_Boot_disableWatchdog          
00006291  ti_sysbios_gates_GateMutex_Instance_finalize__E                 
000062a1  ti_sysbios_heaps_HeapMem_Module_GateProxy_leave__E              
000062b1  ti_sysbios_knl_Semaphore_Instance_finalize__E                   
000062c1  ti_sysbios_knl_Swi_disable__E                                   
000062d1  ti_sysbios_knl_Task_SupportProxy_swap__E                        
000062e1  ti_sysbios_knl_Task_disable__E                                  
000062f1  xdc_runtime_Gate_leaveSystem__E                                 
00006301  xdc_runtime_Memory_free__E                                      
00006311  xdc_runtime_SysCallback_abort__E                                
00006321  xdc_runtime_SysCallback_exit__E                                 
00006331  xdc_runtime_System_Module_GateProxy_leave__E                    
00006341  __TI_decompress_none                                            
00006351  pthread_attr_setdetachstate                                     
00006361  ti_sysbios_knl_Idle_loop__E                                     
00006371  ti_sysbios_knl_Queue_empty__E                                   
00006381  _register_lock                                                  
0000638d  _register_unlock                                                
00006399  __TI_zero_init                                                  
000063a9  pthread_self                                                    
000063b5  ti_sysbios_BIOS_RtsGateProxy_enter__E                           
000063c1  ti_sysbios_family_arm_m3_TaskSupport_getStackAlignment__E       
000063d1  ti_sysbios_family_arm_msp432_Timer_getMaxTicks__E               
000063e1  ti_sysbios_gates_GateHwi_enter__E                               
000063ed  ti_sysbios_heaps_HeapMem_Module_GateProxy_enter__E              
000063f9  ti_sysbios_heaps_HeapMem_Module_GateProxy_query__E              
00006405  ti_sysbios_knl_Clock_TimerProxy_getMaxTicks__E                  
00006411  ti_sysbios_knl_Task_delete                                      
00006421  ti_sysbios_knl_Task_self__E                                     
00006431  ti_sysbios_rts_ti_ReentSupport_taskRegHook__I                   
00006441  xdc_runtime_Gate_enterSystem__E                                 
00006451  xdc_runtime_Startup_rtsDone__E                                  
0000645d  xdc_runtime_System_Module_GateProxy_enter__E                    
00006469  xdc_runtime_System_SupportProxy_abort__E                        
00006475  xdc_runtime_System_SupportProxy_exit__E                         
00006481  Iniciar_ADC_Plus                                                
00006495  Iniciar_UART                                                    
000064a1  pthread_attr_setstacksize                                       
000064a9  ti_sysbios_family_arm_m3_Hwi_Module__startupDone__S             
000064b1  ti_sysbios_family_arm_m3_Hwi_doSwiRestore__I                    
000064b9  ti_sysbios_family_arm_m3_Hwi_startup__E                         
000064c1  ti_sysbios_family_arm_msp432_Timer_Module__startupDone__S       
000064c9  ti_sysbios_hal_Hwi_HwiProxy_Module__startupDone__S              
000064d1  ti_sysbios_hal_Hwi_HwiProxy_startup__E                          
000064d1  ti_sysbios_hal_Hwi_startup__E                                   
000064d9  ti_sysbios_hal_Hwi_HwiProxy_switchFromBootStack__E              
000064d9  ti_sysbios_hal_Hwi_switchFromBootStack__E                       
000064e1  ti_sysbios_knl_Clock_TimerProxy_Module__startupDone__S          
000064e9  ti_sysbios_knl_Task_SupportProxy_Module__startupDone__S         
000064f1  ti_sysbios_knl_Task_SupportProxy_getStackAlignment__E           
000064f9  ti_sysbios_rts_ti_ReentSupport_getReent__E                      
00006501  xdc_runtime_Startup_reset__I                                    
00006509  ti_sysbios_family_arm_m3_Hwi_doTaskRestore__I                   
00006511  ti_sysbios_gates_GateHwi_leave__E                               
00006519  ti_sysbios_heaps_HeapMem_isBlocking__E                          
00006521  ti_sysbios_knl_Queue_Instance_init__E                           
00006529  ti_sysbios_knl_Swi_startup__E                                   
00006531  xdc_runtime_System_Module_startup__E                            
00006539  __aeabi_errno_addr                                              
00006541  ti_sysbios_gates_GateHwi_query__E                               
00006549  ti_sysbios_gates_GateMutex_query__E                             
00006551  ti_sysbios_knl_Task_startup__E                                  
00006559  ti_sysbios_BIOS_linkedWithIncorrectBootLibrary__E               
00006561  ti_sysbios_gates_GateHwi_Instance_init__E                       
00006569  ti_sysbios_knl_Clock_logTick__E                                 
00006571  xdc_runtime_SysCallback_defaultAbort                            
00006579  xdc_runtime_SysCallback_defaultExit                             
00006581  xdc_runtime_System_abortSpin__E                                 
00006589  xdc_runtime_System_exitSpin__E                                  
0000658c  _ctypes_                                                        
0000668d  xdc_runtime_Error_policy__C                                     
0000668e  ti_sysbios_family_arm_msp432_init_Boot_bypassHFXT__C            
000066d8  ti_sysbios_knl_Task_Object__PARAMS__C                           
00006744  ti_sysbios_heaps_HeapMem_Module__FXNS__C                        
0000676c  ti_sysbios_gates_GateHwi_Module__FXNS__C                        
00006790  ti_sysbios_gates_GateMutex_Module__FXNS__C                      
000067b4  ti_sysbios_heaps_HeapMem_Object__PARAMS__C                      
000067d8  ti_sysbios_knl_Semaphore_Object__PARAMS__C                      
000067fc  xdc_runtime_Startup_sfxnTab__A                                  
00006820  ti_sysbios_gates_GateHwi_Object__DESC__C                        
00006840  ti_sysbios_gates_GateMutex_Object__DESC__C                      
00006860  ti_sysbios_heaps_HeapMem_Object__DESC__C                        
00006880  ti_sysbios_knl_Queue_Object__DESC__C                            
000068a0  ti_sysbios_knl_Semaphore_Object__DESC__C                        
000068c0  ti_sysbios_knl_Task_Object__DESC__C                             
000068fe  ti_sysbios_family_arm_msp432_init_Boot_bypassLFXT__C            
00006900  ti_sysbios_gates_GateHwi_Object__PARAMS__C                      
00006918  ti_sysbios_gates_GateMutex_Object__PARAMS__C                    
00006930  ti_sysbios_knl_Queue_Object__PARAMS__C                          
00006948  ti_sysbios_knl_Task_hooks__A                                    
00006960  xdc_runtime_Startup_sfxnRts__A                                  
00006972  ti_sysbios_family_arm_msp432_init_Boot_enableHFXT__C            
00006974  BRFX                                                            
00006980  BRS                                                             
0000698c  BRX                                                             
00006998  xdc_runtime_Startup_firstFxns__A                                
000069ac  ti_sysbios_knl_Idle_funcList__A                                 
000069b4  ti_sysbios_knl_Idle_funcList__C                                 
000069bc  ti_sysbios_knl_Task_hooks__C                                    
000069c4  xdc_runtime_Startup_firstFxns__C                                
000069cc  xdc_runtime_Startup_lastFxns__C                                 
000069d4  ti_sysbios_family_arm_m3_Hwi_NUM_INTERRUPTS__C                  
000069d8  ti_sysbios_family_arm_m3_Hwi_Object__count__C                   
000069dc  ti_sysbios_family_arm_m3_Hwi_Object__table__C                   
000069e0  ti_sysbios_family_arm_m3_Hwi_ccr__C                             
000069e4  ti_sysbios_family_arm_m3_Hwi_excHandlerFunc__C                  
000069e8  ti_sysbios_family_arm_m3_Hwi_nullIsrFunc__C                     
000069ec  ti_sysbios_family_arm_m3_Hwi_priGroup__C                        
000069f0  ti_sysbios_family_arm_m3_TaskSupport_stackAlignment__C          
000069f4  ti_sysbios_family_arm_msp432_Timer_numTimerDevices__C           
000069f8  ti_sysbios_family_arm_msp432_Timer_startupNeeded__C             
000069fc  ti_sysbios_gates_GateMutex_Instance_State_sem__O                
00006a00  ti_sysbios_heaps_HeapMem_E_memory__C                            
00006a04  ti_sysbios_heaps_HeapMem_Module__gateObj__C                     
00006a08  ti_sysbios_heaps_HeapMem_Object__count__C                       
00006a0c  ti_sysbios_heaps_HeapMem_Object__table__C                       
00006a10  ti_sysbios_heaps_HeapMem_primaryHeapBaseAddr__C                 
00006a14  ti_sysbios_heaps_HeapMem_primaryHeapEndAddr__C                  
00006a18  ti_sysbios_heaps_HeapMem_reqAlign__C                            
00006a1c  ti_sysbios_knl_Clock_Module_State_clockQ__O                     
00006a20  ti_sysbios_knl_Clock_tickPeriod__C                              
00006a24  ti_sysbios_knl_Mailbox_Instance_State_freeQue__O                
00006a28  ti_sysbios_knl_Mailbox_Object__count__C                         
00006a2c  ti_sysbios_knl_Mailbox_maxTypeAlign__C                          
00006a30  ti_sysbios_knl_Semaphore_Instance_State_pendQ__O                
00006a34  ti_sysbios_knl_Swi_Object__count__C                             
00006a38  ti_sysbios_knl_Swi_Object__table__C                             
00006a3c  ti_sysbios_knl_Task_Module_State_inactiveQ__O                   
00006a40  ti_sysbios_knl_Task_Object__count__C                            
00006a44  ti_sysbios_knl_Task_Object__heap__C                             
00006a48  ti_sysbios_knl_Task_Object__table__C                            
00006a4c  ti_sysbios_knl_Task_allBlockedFunc__C                           
00006a50  ti_sysbios_knl_Task_defaultStackHeap__C                         
00006a54  ti_sysbios_knl_Task_defaultStackSize__C                         
00006a58  ti_sysbios_knl_Task_numConstructedTasks__C                      
00006a5c  xdc_runtime_Error_E_memory__C                                   
00006a60  xdc_runtime_Error_policyFxn__C                                  
00006a64  xdc_runtime_IGateProvider_Interface__BASE__C                    
00006a68  xdc_runtime_IHeap_Interface__BASE__C                            
00006a6c  xdc_runtime_IModule_Interface__BASE__C                          
00006a70  xdc_runtime_Memory_defaultHeapInstance__C                       
00006a74  xdc_runtime_Startup_execImpl__C                                 
00006a78  xdc_runtime_Startup_maxPasses__C                                
00006a7c  xdc_runtime_Startup_sfxnRts__C                                  
00006a80  xdc_runtime_Startup_sfxnTab__C                                  
00006a84  xdc_runtime_Startup_startModsFxn__C                             
00006a88  xdc_runtime_SysCallback_abortFxn__C                             
00006a8c  xdc_runtime_SysCallback_exitFxn__C                              
00006a90  xdc_runtime_System_Module__gateObj__C                           
00006a94  xdc_runtime_System_abortFxn__C                                  
00006a98  xdc_runtime_System_exitFxn__C                                   
00006a9c  xdc_runtime_System_maxAtexitHandlers__C                         
00006aa0  xdc_runtime_Text_charTab__C                                     
00006aa4  xdc_runtime_Text_nameEmpty__C                                   
00006aa8  xdc_runtime_Text_nameStatic__C                                  
00006aac  xdc_runtime_Text_nameUnknown__C                                 
00006ab0  ti_sysbios_family_arm_msp432_init_Boot_enableLFXT__C            
00006ab2  ti_sysbios_heaps_HeapMem_Module__id__C                          
00006ab4  xdc_runtime_Memory_Module__id__C                                
00006ab6  xdc_runtime_Text_charCnt__C                                     
00006ab8  xdc_runtime_Text_isLoaded__C                                    
00006aba  xdc_runtime_Text_charTab__A                                     
00006ac0  __TI_static_base__                                              
00006c88  __TI_Handler_Table_Base                                         
00006c94  __TI_Handler_Table_Limit                                        
00006ca8  __TI_CINIT_Base                                                 
00006cc0  __TI_CINIT_Limit                                                
20000000  ti_sysbios_family_arm_m3_Hwi_ramVectors                         
200001c8  ti_sysbios_knl_Swi_Module_State_0_readyQ__A                     
20000248  ti_sysbios_knl_Task_Module_State_0_readyQ__A                    
200002c8  ti_sysbios_gates_GateMutex_Object__table__V                     
2000031c  ti_sysbios_knl_Task_Object__table__V                            
20000368  ti_sysbios_family_arm_msp432_Timer_Object__table__V             
200003ac  ti_sysbios_knl_Task_Module__state__V                            
200003f0  ti_sysbios_family_arm_m3_Hwi_Module__state__V                   
20000424  ti_sysbios_knl_Swi_Object__table__V                             
20000454  ti_sysbios_knl_Clock_Module__state__V                           
20000480  ti_sysbios_BIOS_Module__state__V                                
200004a4  E1                                                              
200004a8  S1                                                              
200004ac  door                                                            
200004b0  select                                                          
200004b4  x                                                               
200004b8  sistema                                                         
200004bc  personas                                                        
200004c0  iteracion_imp                                                   
200004c4  ti_sysbios_family_arm_msp432_Timer_Module_State_0_device__A     
200004e4  xdc_runtime_Error_IgnoreBlock                                   
20000504  ti_sysbios_knl_Swi_Module__state__V                             
20000520  ti_sysbios_family_arm_m3_Hwi_Object__table__V                   
20000538  ti_sysbios_heaps_HeapMem_Object__table__V                       
20000550  SysSTR                                                          
20000560  ti_sysbios_family_arm_msp432_Timer_Module_State_0_handles__A    
20000570  ti_sysbios_family_arm_msp432_Timer_Module__state__V             
2000057c  TemperaturaActual                                               
20000580  SetPoint                                                        
20000584  toggle                                                          
20000585  event                                                           
20000586  FAN_LED_State                                                   
20000587  jesus                                                           
20000591  juan                                                            
2000059c  _lock                                                           
200005a0  _unlock                                                         
200005a4  ti_sysbios_gates_GateHwi_Module__root__V                        
200005ac  ti_sysbios_gates_GateMutex_Module__root__V                      
200005b4  ti_sysbios_heaps_HeapMem_Module__root__V                        
200005bc  ti_sysbios_knl_Queue_Module__root__V                            
200005c4  ti_sysbios_knl_Semaphore_Module__root__V                        
200005cc  ti_sysbios_knl_Task_Module__root__V                             
200005d4  xdc_runtime_Startup_Module__state__V                            
200005dc  xdc_runtime_System_Module_State_0_atexitHandlers__A             
200005e4  xdc_runtime_System_Module__state__V                             
200005f2  ti_sysbios_family_arm_m3_Hwi_Module_State_0_excActive__A        
200005f4  main_func_sp                                                    
200005f8  ti_sysbios_family_arm_m3_Hwi_Module_State_0_excContext__A       
200005fc  ti_sysbios_family_arm_m3_Hwi_Module_State_0_excStack__A         
20000600  ti_sysbios_gates_GateHwi_Object__table__V                       
20000604  ti_sysbios_knl_Task_Module_State_0_idleTask__A                  
20000608  ti_sysbios_rts_ti_ReentSupport_Module__state__V                 
2000060c  xdc_runtime_Memory_Module__state__V                             
20000610  ti_sysbios_knl_Task_Instance_State_0_stack__A                   
20000810  ti_sysbios_family_arm_m3_Hwi_dispatchTable                      
20000950  state                                                           
20000990  lara                                                            
2000099c  robles                                                          
200009a8  control_plus_thread                                             
200009ac  control_thread                                                  
200009b0  temperatura                                                     
200009b4  ti_sysbios_knl_Task_Instance_State_0_hookEnv__A                 
200009b8  EstadoEntradas                                                  
20001000  g_pfnRAMVectoring                                               
200010e8  __primary_heap_start__                                          
200050e8  __primary_heap_end__                                            
2000fc00  __stack                                                         
20010000  __STACK_END                                                     
4000480c  WDTCTL_SYM                                                      
e000e000  ti_sysbios_family_arm_m3_Hwi_nvic                               
ffffffff  __TI_pprof_out_hndl                                             
ffffffff  __TI_prof_data_size                                             
ffffffff  __TI_prof_data_start                                            
ffffffff  __binit__                                                       
ffffffff  __c_args__                                                      
ffffffff  binit                                                           
UNDEFED   SHT$$INIT_ARRAY$$Base                                           
UNDEFED   SHT$$INIT_ARRAY$$Limit                                          

[520 symbols]
